// Vitest Snapshot v1, https://vitest.dev/guide/snapshot.html

exports[`Bookmarks Page > matches the snapshot of the Bookmarks page 1`] = `
<body>
  <div>
    <main
      class="flex w-full min-w-0 gap-5"
    >
      <div
        class="w-full min-w-0 space-y-5"
      >
        <div
          class="rounded-2xl bg-card p-5 shadow-sm"
        >
          <h1
            class="text-center text-2xl font-bold"
          >
            Bookmarks
          </h1>
        </div>
        <div
          class="space-y-5"
        >
          <div
            class="w-full animate-pulse space-y-3 rounded-2xl bg-card p-5 shadow-sm"
          >
            <div
              class="flex flex-wrap gap-3"
            >
              <div
                class="animate-pulse bg-muted size-12 rounded-full"
              />
              <div
                class="space-y-1.5"
              >
                <div
                  class="animate-pulse bg-muted h-4 w-24 rounded"
                />
                <div
                  class="animate-pulse bg-muted h-4 w-20 rounded"
                />
              </div>
            </div>
            <div
              class="animate-pulse bg-muted h-16 rounded"
            />
          </div>
          <div
            class="w-full animate-pulse space-y-3 rounded-2xl bg-card p-5 shadow-sm"
          >
            <div
              class="flex flex-wrap gap-3"
            >
              <div
                class="animate-pulse bg-muted size-12 rounded-full"
              />
              <div
                class="space-y-1.5"
              >
                <div
                  class="animate-pulse bg-muted h-4 w-24 rounded"
                />
                <div
                  class="animate-pulse bg-muted h-4 w-20 rounded"
                />
              </div>
            </div>
            <div
              class="animate-pulse bg-muted h-16 rounded"
            />
          </div>
          <div
            class="w-full animate-pulse space-y-3 rounded-2xl bg-card p-5 shadow-sm"
          >
            <div
              class="flex flex-wrap gap-3"
            >
              <div
                class="animate-pulse bg-muted size-12 rounded-full"
              />
              <div
                class="space-y-1.5"
              >
                <div
                  class="animate-pulse bg-muted h-4 w-24 rounded"
                />
                <div
                  class="animate-pulse bg-muted h-4 w-20 rounded"
                />
              </div>
            </div>
            <div
              class="animate-pulse bg-muted h-16 rounded"
            />
          </div>
        </div>
      </div>
      <div
        class="sticky top-[5.25rem] hidden h-fit w-72 flex-none space-y-5 md:block lg:w-80"
      >
        <svg
          class="lucide lucide-loader-circle mx-auto animate-spin"
          fill="none"
          height="24"
          stroke="currentColor"
          stroke-linecap="round"
          stroke-linejoin="round"
          stroke-width="2"
          viewBox="0 0 24 24"
          width="24"
          xmlns="http://www.w3.org/2000/svg"
        >
          <path
            d="M21 12a9 9 0 1 1-6.219-8.56"
          />
        </svg>
      </div>
    </main>
  </div>
</body>
`;

exports[`Bookmarks Page > should match snapshot 1`] = `
<body>
  <div>
    <main
      class="flex w-full min-w-0 gap-5"
    >
      <div
        class="w-full min-w-0 space-y-5"
      >
        <div
          class="rounded-2xl bg-card p-5 shadow-sm"
        >
          <h1
            class="text-center text-2xl font-bold"
          >
            Bookmarks
          </h1>
        </div>
        <div
          class="space-y-5"
        >
          <div
            class="w-full animate-pulse space-y-3 rounded-2xl bg-card p-5 shadow-sm"
          >
            <div
              class="flex flex-wrap gap-3"
            >
              <div
                class="animate-pulse bg-muted size-12 rounded-full"
              />
              <div
                class="space-y-1.5"
              >
                <div
                  class="animate-pulse bg-muted h-4 w-24 rounded"
                />
                <div
                  class="animate-pulse bg-muted h-4 w-20 rounded"
                />
              </div>
            </div>
            <div
              class="animate-pulse bg-muted h-16 rounded"
            />
          </div>
          <div
            class="w-full animate-pulse space-y-3 rounded-2xl bg-card p-5 shadow-sm"
          >
            <div
              class="flex flex-wrap gap-3"
            >
              <div
                class="animate-pulse bg-muted size-12 rounded-full"
              />
              <div
                class="space-y-1.5"
              >
                <div
                  class="animate-pulse bg-muted h-4 w-24 rounded"
                />
                <div
                  class="animate-pulse bg-muted h-4 w-20 rounded"
                />
              </div>
            </div>
            <div
              class="animate-pulse bg-muted h-16 rounded"
            />
          </div>
          <div
            class="w-full animate-pulse space-y-3 rounded-2xl bg-card p-5 shadow-sm"
          >
            <div
              class="flex flex-wrap gap-3"
            >
              <div
                class="animate-pulse bg-muted size-12 rounded-full"
              />
              <div
                class="space-y-1.5"
              >
                <div
                  class="animate-pulse bg-muted h-4 w-24 rounded"
                />
                <div
                  class="animate-pulse bg-muted h-4 w-20 rounded"
                />
              </div>
            </div>
            <div
              class="animate-pulse bg-muted h-16 rounded"
            />
          </div>
        </div>
      </div>
      <div
        class="sticky top-[5.25rem] hidden h-fit w-72 flex-none space-y-5 md:block lg:w-80"
      >
        <svg
          class="lucide lucide-loader-circle mx-auto animate-spin"
          fill="none"
          height="24"
          stroke="currentColor"
          stroke-linecap="round"
          stroke-linejoin="round"
          stroke-width="2"
          viewBox="0 0 24 24"
          width="24"
          xmlns="http://www.w3.org/2000/svg"
        >
          <path
            d="M21 12a9 9 0 1 1-6.219-8.56"
          />
        </svg>
      </div>
    </main>
  </div>
</body>
`;

exports[`Bookmarks Page Integration Test > matches the snapshot of the Bookmarks page 1`] = `
<body>
  <div>
    <main
      class="flex w-full min-w-0 gap-5"
    >
      <div
        class="w-full min-w-0 space-y-5"
      >
        <div
          class="rounded-2xl bg-card p-5 shadow-sm"
        >
          <h1
            class="text-center text-2xl font-bold"
          >
            Bookmarks
          </h1>
        </div>
        <div
          class="space-y-5"
        >
          <div
            class="w-full animate-pulse space-y-3 rounded-2xl bg-card p-5 shadow-sm"
          >
            <div
              class="flex flex-wrap gap-3"
            >
              <div
                class="animate-pulse bg-muted size-12 rounded-full"
              />
              <div
                class="space-y-1.5"
              >
                <div
                  class="animate-pulse bg-muted h-4 w-24 rounded"
                />
                <div
                  class="animate-pulse bg-muted h-4 w-20 rounded"
                />
              </div>
            </div>
            <div
              class="animate-pulse bg-muted h-16 rounded"
            />
          </div>
          <div
            class="w-full animate-pulse space-y-3 rounded-2xl bg-card p-5 shadow-sm"
          >
            <div
              class="flex flex-wrap gap-3"
            >
              <div
                class="animate-pulse bg-muted size-12 rounded-full"
              />
              <div
                class="space-y-1.5"
              >
                <div
                  class="animate-pulse bg-muted h-4 w-24 rounded"
                />
                <div
                  class="animate-pulse bg-muted h-4 w-20 rounded"
                />
              </div>
            </div>
            <div
              class="animate-pulse bg-muted h-16 rounded"
            />
          </div>
          <div
            class="w-full animate-pulse space-y-3 rounded-2xl bg-card p-5 shadow-sm"
          >
            <div
              class="flex flex-wrap gap-3"
            >
              <div
                class="animate-pulse bg-muted size-12 rounded-full"
              />
              <div
                class="space-y-1.5"
              >
                <div
                  class="animate-pulse bg-muted h-4 w-24 rounded"
                />
                <div
                  class="animate-pulse bg-muted h-4 w-20 rounded"
                />
              </div>
            </div>
            <div
              class="animate-pulse bg-muted h-16 rounded"
            />
          </div>
        </div>
      </div>
      <div
        class="sticky top-[5.25rem] hidden h-fit w-72 flex-none space-y-5 md:block lg:w-80"
      >
        <svg
          class="lucide lucide-loader-circle mx-auto animate-spin"
          fill="none"
          height="24"
          stroke="currentColor"
          stroke-linecap="round"
          stroke-linejoin="round"
          stroke-width="2"
          viewBox="0 0 24 24"
          width="24"
          xmlns="http://www.w3.org/2000/svg"
        >
          <path
            d="M21 12a9 9 0 1 1-6.219-8.56"
          />
        </svg>
      </div>
    </main>
  </div>
</body>
`;
